Number_of_Trajectories  1 
0 0 0 0 0
1 -4.87519 -0.495974 -0.0358832 0.0180617
2 -6.20711 1.13742 -0.222181 0.113247
3 -5.87878 1.92173 -0.323605 0.124299
4 -5.86792 -2.16855 -0.238278 -0.317353
5 -5.15607 -3.64255 -0.169258 -0.329444
