Number_of_Trajectories  1 
0 0 0 0 0
1 0.00688602 -0.00169155 -4.45559E-05 2.32961E-05
2 0.0285118 -0.0149374 -0.000589797 0.000851787
3 0.0414222 -0.0359038 -0.000426717 0.00297443
4 0.0761681 -0.0222921 -0.00530464 0.00339589
5 0.0914545 -0.0467899 -0.00617464 0.00855829
