Number_of_Trajectories  1 
0 0 0 0 0
1 0.00641363 0.0030687 -3.17178E-05 -3.93631E-05
2 0.0317528 0.00379931 -0.000993804 -0.000241277
3 0.0544051 0.0046151 -0.00293861 -0.00050217
4 0.0432025 0.0663378 0.00253425 -0.00573193
5 -0.0135134 0.101782 0.0101771 0.00275085
