Number_of_Trajectories  1 
0 0 0 0 0
1 0.0126176 -0.00252773 -0.000152813 6.37876E-05
2 0.0426123 -0.0207984 -0.00138323 0.00177254
3 0.0619512 -0.042463 -0.00203485 0.00526127
4 0.0674146 -0.0692064 0.000244796 0.00933104
5 -0.00406011 -0.0987845 0.00974189 -0.000802152
