Number_of_Trajectories  1 
0 0 0 0 0
1 0.0127736 0.00101709 -0.000162129 -2.59836E-05
2 0.0470452 0.00448103 -0.00219317 -0.000421622
3 0.0574771 0.0481581 -0.000984416 -0.00553597
4 0.0262932 0.092851 0.00792998 -0.0048827
5 0.0313035 0.0937025 0.00780025 -0.00586644
